$ tree

├── cmakeBuild.sh
├── CMakeLists.txt
├── Corrections
│   ├── jsons
│   │   └── 2022_Summer22
│   │       ├── memo
│   │       ├── muon_HighPt.json
│   │       └── muon_Z.json
│   └── roots
│       ├── 2018_ID.root
│       ├── 2018_Iso.root
│       └── 2018_Trig.root
├── include
│   ├── EfficiencySF.h
│   ├── GenPart.h
│   ├── MET.h
│   ├── Muon.h
│   ├── NanoAnalyzer.h
│   ├── NanoDataLoader.h
│   ├── PU.h
│   └── RoccoR.h
├── input
│   ├── 2022preEE
│   │   ├── DYto2E_MLL-10to50
│   │   │   ├── DYto2E_MLL-10to50_0.list
│   │   │   └── DYto2E_MLL-10to50_1.list
│   │   ├── DYto2E_MLL-120to200
│   │   │   ├── DYto2E_MLL-120to200_0.list
│   │   │   └── DYto2E_MLL-120to200_1.list
│   │   ├── DYto2E_MLL-1500to2500
│   │   │   └── DYto2E_MLL-1500to2500_0.list
│   │   ├── DYto2E_MLL-200to400
│   │   │   ├── DYto2E_MLL-200to400_0.list
│   │   │   ├── DYto2E_MLL-200to400_1.list
│   │   │   └── DYto2E_MLL-200to400_2.list
│   │   ├── DYto2E_MLL-4000to6000
│   │   │   └── DYto2E_MLL-4000to6000_0.list
│   │   ├── DYto2E_MLL-400to800
│   │   │   ├── DYto2E_MLL-400to800_0.list
│   │   │   └── DYto2E_MLL-400to800_1.list
│   │   ├── DYto2E_MLL-50to120
│   │   │   ├── DYto2E_MLL-50to120_0.list
│   │   │   ├── DYto2E_MLL-50to120_1.list
│   │   │   └── DYto2E_MLL-50to120_2.list
│   │   ├── DYto2E_MLL-6000
│   │   │   └── DYto2E_MLL-6000_0.list
│   │   ├── DYto2E_MLL-800to1500
│   │   │   ├── DYto2E_MLL-800to1500_0.list
│   │   │   └── DYto2E_MLL-800to1500_1.list
│   │   ├── DYto2L-2Jets_MLL-50
│   │   │   ├── DYto2L-2Jets_MLL-50_0.list
│   │   │   ├── DYto2L-2Jets_MLL-50_1.list
│   │   │   ├── DYto2L-2Jets_MLL-50_2.list
│   │   │   ├── DYto2L-2Jets_MLL-50_3.list
│   │   │   ├── DYto2L-2Jets_MLL-50_4.list
│   │   │   └── DYto2L-2Jets_MLL-50_5.list
│   │   ├── DYto2L-2Jets_MLL-50_ext1-v1
│   │   │   ├── DYto2L-2Jets_MLL-50_ext1-v1_0.list
│   │   │   ├── DYto2L-2Jets_MLL-50_ext1-v1_10.list
│   │   │   ├── DYto2L-2Jets_MLL-50_ext1-v1_11.list
│   │   │   ├── DYto2L-2Jets_MLL-50_ext1-v1_1.list
│   │   │   ├── DYto2L-2Jets_MLL-50_ext1-v1_2.list
│   │   │   ├── DYto2L-2Jets_MLL-50_ext1-v1_3.list
│   │   │   ├── DYto2L-2Jets_MLL-50_ext1-v1_4.list
│   │   │   ├── DYto2L-2Jets_MLL-50_ext1-v1_5.list
│   │   │   ├── DYto2L-2Jets_MLL-50_ext1-v1_6.list
│   │   │   ├── DYto2L-2Jets_MLL-50_ext1-v1_7.list
│   │   │   ├── DYto2L-2Jets_MLL-50_ext1-v1_8.list
│   │   │   └── DYto2L-2Jets_MLL-50_ext1-v1_9.list
│   │   ├── DYto2Mu_MLL-10to50
│   │   │   ├── DYto2Mu_MLL-10to50_0.list
│   │   │   └── DYto2Mu_MLL-10to50_1.list
│   │   ├── DYto2Mu_MLL-120to200
│   │   │   ├── DYto2Mu_MLL-120to200_0.list
│   │   │   ├── DYto2Mu_MLL-120to200_1.list
│   │   │   └── DYto2Mu_MLL-120to200_2.list
│   │   ├── DYto2Mu_MLL-1500to2500
│   │   │   └── DYto2Mu_MLL-1500to2500_0.list
│   │   ├── DYto2Mu_MLL-200to400
│   │   │   ├── DYto2Mu_MLL-200to400_0.list
│   │   │   └── DYto2Mu_MLL-200to400_1.list
│   │   ├── DYto2Mu_MLL-2500to4000
│   │   │   └── DYto2Mu_MLL-2500to4000_0.list
│   │   ├── DYto2Mu_MLL-4000to6000
│   │   │   ├── DYto2Mu_MLL-4000to6000_0.list
│   │   │   └── DYto2Mu_MLL-4000to6000_1.list
│   │   ├── DYto2Mu_MLL-400to800
│   │   │   ├── DYto2Mu_MLL-400to800_0.list
│   │   │   ├── DYto2Mu_MLL-400to800_1.list
│   │   │   └── DYto2Mu_MLL-400to800_2.list
│   │   ├── DYto2Mu_MLL-50to120
│   │   │   └── DYto2Mu_MLL-50to120_0.list
│   │   ├── DYto2Mu_MLL-6000
│   │   │   └── DYto2Mu_MLL-6000_0.list
│   │   ├── DYto2Mu_MLL-800to1500
│   │   │   ├── DYto2Mu_MLL-800to1500_0.list
│   │   │   └── DYto2Mu_MLL-800to1500_1.list
│   │   ├── EGamma_Run2022C
│   │   │   ├── EGamma_Run2022C_0.list
│   │   │   ├── EGamma_Run2022C_1.list
│   │   │   ├── EGamma_Run2022C_2.list
│   │   │   ├── EGamma_Run2022C_3.list
│   │   │   └── EGamma_Run2022C_4.list
│   │   ├── EGamma_Run2022D
│   │   │   ├── EGamma_Run2022D_0.list
│   │   │   ├── EGamma_Run2022D_1.list
│   │   │   ├── EGamma_Run2022D_2.list
│   │   │   ├── EGamma_Run2022D_3.list
│   │   │   └── EGamma_Run2022D_4.list
│   │   ├── Muon_Run2022C
│   │   │   ├── Muon_Run2022C_0.list
│   │   │   ├── Muon_Run2022C_1.list
│   │   │   ├── Muon_Run2022C_2.list
│   │   │   ├── Muon_Run2022C_3.list
│   │   │   ├── Muon_Run2022C_4.list
│   │   │   ├── Muon_Run2022C_5.list
│   │   │   └── Muon_Run2022C_6.list
│   │   ├── Muon_Run2022D
│   │   │   ├── Muon_Run2022D_0.list
│   │   │   ├── Muon_Run2022D_1.list
│   │   │   ├── Muon_Run2022D_2.list
│   │   │   ├── Muon_Run2022D_3.list
│   │   │   └── Muon_Run2022D_4.list
│   │   ├── QCD_PT-1000to1400
│   │   │   ├── QCD_PT-1000to1400_0.list
│   │   │   └── QCD_PT-1000to1400_1.list
│   │   ├── QCD_PT-1000to1400_ext1-v2
│   │   │   ├── QCD_PT-1000to1400_ext1-v2_0.list
│   │   │   ├── QCD_PT-1000to1400_ext1-v2_1.list
│   │   │   └── QCD_PT-1000to1400_ext1-v2_2.list
│   │   ├── QCD_PT-120to170
│   │   │   └── QCD_PT-120to170_0.list
│   │   ├── QCD_PT-120to170_ext1-v2
│   │   │   ├── QCD_PT-120to170_ext1-v2_0.list
│   │   │   ├── QCD_PT-120to170_ext1-v2_1.list
│   │   │   ├── QCD_PT-120to170_ext1-v2_2.list
│   │   │   └── QCD_PT-120to170_ext1-v2_3.list
│   │   ├── QCD_PT-1400to1800
│   │   │   └── QCD_PT-1400to1800_0.list
│   │   ├── QCD_PT-1400to1800_ext1-v2
│   │   │   └── QCD_PT-1400to1800_ext1-v2_0.list
│   │   ├── QCD_PT-170to300
│   │   │   └── QCD_PT-170to300_0.list
│   │   ├── QCD_PT-170to300_ext1-v2
│   │   │   ├── QCD_PT-170to300_ext1-v2_0.list
│   │   │   ├── QCD_PT-170to300_ext1-v2_1.list
│   │   │   ├── QCD_PT-170to300_ext1-v2_2.list
│   │   │   ├── QCD_PT-170to300_ext1-v2_3.list
│   │   │   └── QCD_PT-170to300_ext1-v2_4.list
│   │   ├── QCD_PT-1800to2400
│   │   │   └── QCD_PT-1800to2400_0.list
│   │   ├── QCD_PT-1800to2400_ext1-v2
│   │   │   └── QCD_PT-1800to2400_ext1-v2_0.list
│   │   ├── QCD_PT-2400to3200
│   │   │   └── QCD_PT-2400to3200_0.list
│   │   ├── QCD_PT-2400to3200_ext1-v2
│   │   │   └── QCD_PT-2400to3200_ext1-v2_0.list
│   │   ├── QCD_PT-300to470
│   │   │   └── QCD_PT-300to470_0.list
│   │   ├── QCD_PT-300to470_ext1-v2
│   │   │   ├── QCD_PT-300to470_ext1-v2_0.list
│   │   │   ├── QCD_PT-300to470_ext1-v2_1.list
│   │   │   ├── QCD_PT-300to470_ext1-v2_2.list
│   │   │   └── QCD_PT-300to470_ext1-v2_3.list
│   │   ├── QCD_PT-3200
│   │   │   └── QCD_PT-3200_0.list
│   │   ├── QCD_PT-3200_ext1-v2
│   │   │   └── QCD_PT-3200_ext1-v2_0.list
│   │   ├── QCD_PT-470to600
│   │   │   └── QCD_PT-470to600_0.list
│   │   ├── QCD_PT-470to600_ext1-v2
│   │   │   ├── QCD_PT-470to600_ext1-v2_0.list
│   │   │   ├── QCD_PT-470to600_ext1-v2_1.list
│   │   │   ├── QCD_PT-470to600_ext1-v2_2.list
│   │   │   └── QCD_PT-470to600_ext1-v2_3.list
│   │   ├── QCD_PT-600to800
│   │   │   ├── QCD_PT-600to800_0.list
│   │   │   └── QCD_PT-600to800_1.list
│   │   ├── QCD_PT-600to800_ext1-v2
│   │   │   ├── QCD_PT-600to800_ext1-v2_0.list
│   │   │   ├── QCD_PT-600to800_ext1-v2_1.list
│   │   │   ├── QCD_PT-600to800_ext1-v2_2.list
│   │   │   ├── QCD_PT-600to800_ext1-v2_3.list
│   │   │   ├── QCD_PT-600to800_ext1-v2_4.list
│   │   │   └── QCD_PT-600to800_ext1-v2_5.list
│   │   ├── QCD_PT-800to1000
│   │   │   ├── QCD_PT-800to1000_0.list
│   │   │   └── QCD_PT-800to1000_1.list
│   │   ├── QCD_PT-800to1000_ext1-v2
│   │   │   ├── QCD_PT-800to1000_ext1-v2_0.list
│   │   │   ├── QCD_PT-800to1000_ext1-v2_1.list
│   │   │   ├── QCD_PT-800to1000_ext1-v2_2.list
│   │   │   ├── QCD_PT-800to1000_ext1-v2_3.list
│   │   │   ├── QCD_PT-800to1000_ext1-v2_4.list
│   │   │   └── QCD_PT-800to1000_ext1-v2_5.list
│   │   ├── SingleMuon_Run2022B
│   │   │   └── SingleMuon_Run2022B_0.list
│   │   ├── SingleMuon_Run2022C
│   │   │   ├── SingleMuon_Run2022C_0.list
│   │   │   └── SingleMuon_Run2022C_1.list
│   │   ├── TbarBQ_t-ch
│   │   │   ├── TbarBQ_t-ch_0.list
│   │   │   └── TbarBQ_t-ch_1.list
│   │   ├── TbarBtoLminusNuB-s-ch
│   │   │   ├── TbarBtoLminusNuB-s-ch_0.list
│   │   │   └── TbarBtoLminusNuB-s-ch_1.list
│   │   ├── TbarWplusto2L2Nu
│   │   │   └── TbarWplusto2L2Nu_0.list
│   │   ├── TbarWplusto2L2Nu_ext1-v2
│   │   │   ├── TbarWplusto2L2Nu_ext1-v2_0.list
│   │   │   ├── TbarWplusto2L2Nu_ext1-v2_1.list
│   │   │   ├── TbarWplusto2L2Nu_ext1-v2_2.list
│   │   │   └── TbarWplusto2L2Nu_ext1-v2_3.list
│   │   ├── TbarWplusto4Q
│   │   │   └── TbarWplusto4Q_0.list
│   │   ├── TbarWplusto4Q_ext1-v2
│   │   │   ├── TbarWplusto4Q_ext1-v2_0.list
│   │   │   ├── TbarWplusto4Q_ext1-v2_1.list
│   │   │   ├── TbarWplusto4Q_ext1-v2_2.list
│   │   │   └── TbarWplusto4Q_ext1-v2_3.list
│   │   ├── TbarWplustoLNu2Q
│   │   │   ├── TbarWplustoLNu2Q_0.list
│   │   │   ├── TbarWplustoLNu2Q_1.list
│   │   │   └── TbarWplustoLNu2Q_2.list
│   │   ├── TbarWplustoLNu2Q_ext1-v2
│   │   │   ├── TbarWplustoLNu2Q_ext1-v2_0.list
│   │   │   ├── TbarWplustoLNu2Q_ext1-v2_1.list
│   │   │   ├── TbarWplustoLNu2Q_ext1-v2_2.list
│   │   │   ├── TbarWplustoLNu2Q_ext1-v2_3.list
│   │   │   ├── TbarWplustoLNu2Q_ext1-v2_4.list
│   │   │   └── TbarWplustoLNu2Q_ext1-v2_5.list
│   │   ├── TBbarQ_t-ch
│   │   │   ├── TBbarQ_t-ch_0.list
│   │   │   └── TBbarQ_t-ch_1.list
│   │   ├── TBbartoLplusNuBbar-s-ch
│   │   │   ├── TBbartoLplusNuBbar-s-ch_0.list
│   │   │   └── TBbartoLplusNuBbar-s-ch_1.list
│   │   ├── TTto2L2Nu
│   │   │   ├── TTto2L2Nu_0.list
│   │   │   ├── TTto2L2Nu_1.list
│   │   │   ├── TTto2L2Nu_2.list
│   │   │   └── TTto2L2Nu_3.list
│   │   ├── TTto2L2Nu_ext1-v2
│   │   │   ├── TTto2L2Nu_ext1-v2_0.list
│   │   │   ├── TTto2L2Nu_ext1-v2_10.list
│   │   │   ├── TTto2L2Nu_ext1-v2_11.list
│   │   │   ├── TTto2L2Nu_ext1-v2_12.list
│   │   │   ├── TTto2L2Nu_ext1-v2_13.list
│   │   │   ├── TTto2L2Nu_ext1-v2_1.list
│   │   │   ├── TTto2L2Nu_ext1-v2_2.list
│   │   │   ├── TTto2L2Nu_ext1-v2_3.list
│   │   │   ├── TTto2L2Nu_ext1-v2_4.list
│   │   │   ├── TTto2L2Nu_ext1-v2_5.list
│   │   │   ├── TTto2L2Nu_ext1-v2_6.list
│   │   │   ├── TTto2L2Nu_ext1-v2_7.list
│   │   │   ├── TTto2L2Nu_ext1-v2_8.list
│   │   │   └── TTto2L2Nu_ext1-v2_9.list
│   │   ├── TWminusto2L2Nu
│   │   │   ├── TWminusto2L2Nu_0.list
│   │   │   └── TWminusto2L2Nu_1.list
│   │   ├── TWminusto2L2Nu_ext1-v2
│   │   │   ├── TWminusto2L2Nu_ext1-v2_0.list
│   │   │   ├── TWminusto2L2Nu_ext1-v2_1.list
│   │   │   └── TWminusto2L2Nu_ext1-v2_2.list
│   │   ├── TWminusto4Q
│   │   │   ├── TWminusto4Q_0.list
│   │   │   ├── TWminusto4Q_1.list
│   │   │   └── TWminusto4Q_2.list
│   │   ├── TWminusto4Q_ext1-v2
│   │   │   ├── TWminusto4Q_ext1-v2_0.list
│   │   │   ├── TWminusto4Q_ext1-v2_1.list
│   │   │   └── TWminusto4Q_ext1-v2_2.list
│   │   ├── TWminustoLNu2Q
│   │   │   ├── TWminustoLNu2Q_0.list
│   │   │   ├── TWminustoLNu2Q_1.list
│   │   │   └── TWminustoLNu2Q_2.list
│   │   ├── TWminustoLNu2Q_ext1-v2
│   │   │   ├── TWminustoLNu2Q_ext1-v2_0.list
│   │   │   └── TWminustoLNu2Q_ext1-v2_1.list
│   │   ├── WtoLNu-2Jets
│   │   │   ├── WtoLNu-2Jets_0.list
│   │   │   ├── WtoLNu-2Jets_1.list
│   │   │   ├── WtoLNu-2Jets_2.list
│   │   │   ├── WtoLNu-2Jets_3.list
│   │   │   ├── WtoLNu-2Jets_4.list
│   │   │   ├── WtoLNu-2Jets_5.list
│   │   │   ├── WtoLNu-2Jets_6.list
│   │   │   └── WtoLNu-2Jets_7.list
│   │   ├── WtoLNu-2Jets_PTLNu-100to200_1J
│   │   │   ├── WtoLNu-2Jets_PTLNu-100to200_1J_0.list
│   │   │   ├── WtoLNu-2Jets_PTLNu-100to200_1J_1.list
│   │   │   ├── WtoLNu-2Jets_PTLNu-100to200_1J_2.list
│   │   │   ├── WtoLNu-2Jets_PTLNu-100to200_1J_3.list
│   │   │   └── WtoLNu-2Jets_PTLNu-100to200_1J_4.list
│   │   ├── WtoLNu-2Jets_PTLNu-100to200_2J
│   │   │   ├── WtoLNu-2Jets_PTLNu-100to200_2J_0.list
│   │   │   ├── WtoLNu-2Jets_PTLNu-100to200_2J_1.list
│   │   │   ├── WtoLNu-2Jets_PTLNu-100to200_2J_2.list
│   │   │   ├── WtoLNu-2Jets_PTLNu-100to200_2J_3.list
│   │   │   ├── WtoLNu-2Jets_PTLNu-100to200_2J_4.list
│   │   │   ├── WtoLNu-2Jets_PTLNu-100to200_2J_5.list
│   │   │   ├── WtoLNu-2Jets_PTLNu-100to200_2J_6.list
│   │   │   ├── WtoLNu-2Jets_PTLNu-100to200_2J_7.list
│   │   │   └── WtoLNu-2Jets_PTLNu-100to200_2J_8.list
│   │   ├── WtoLNu-2Jets_PTLNu-200to400_1J
│   │   │   ├── WtoLNu-2Jets_PTLNu-200to400_1J_0.list
│   │   │   ├── WtoLNu-2Jets_PTLNu-200to400_1J_1.list
│   │   │   ├── WtoLNu-2Jets_PTLNu-200to400_1J_2.list
│   │   │   ├── WtoLNu-2Jets_PTLNu-200to400_1J_3.list
│   │   │   ├── WtoLNu-2Jets_PTLNu-200to400_1J_4.list
│   │   │   └── WtoLNu-2Jets_PTLNu-200to400_1J_5.list
│   │   ├── WtoLNu-2Jets_PTLNu-200to400_1J_ext1-v2
│   │   │   ├── WtoLNu-2Jets_PTLNu-200to400_1J_ext1-v2_0.list
│   │   │   ├── WtoLNu-2Jets_PTLNu-200to400_1J_ext1-v2_1.list
│   │   │   ├── WtoLNu-2Jets_PTLNu-200to400_1J_ext1-v2_2.list
│   │   │   ├── WtoLNu-2Jets_PTLNu-200to400_1J_ext1-v2_3.list
│   │   │   ├── WtoLNu-2Jets_PTLNu-200to400_1J_ext1-v2_4.list
│   │   │   ├── WtoLNu-2Jets_PTLNu-200to400_1J_ext1-v2_5.list
│   │   │   ├── WtoLNu-2Jets_PTLNu-200to400_1J_ext1-v2_6.list
│   │   │   └── WtoLNu-2Jets_PTLNu-200to400_1J_ext1-v2_7.list
│   │   ├── WtoLNu-2Jets_PTLNu-200to400_2J
│   │   │   ├── WtoLNu-2Jets_PTLNu-200to400_2J_0.list
│   │   │   ├── WtoLNu-2Jets_PTLNu-200to400_2J_1.list
│   │   │   └── WtoLNu-2Jets_PTLNu-200to400_2J_2.list
│   │   ├── WtoLNu-2Jets_PTLNu-400to600_1J
│   │   │   └── WtoLNu-2Jets_PTLNu-400to600_1J_0.list
│   │   ├── WtoLNu-2Jets_PTLNu-400to600_2J
│   │   │   └── WtoLNu-2Jets_PTLNu-400to600_2J_0.list
│   │   ├── WtoLNu-2Jets_PTLNu-400to600_2J_ext1-v2
│   │   │   └── WtoLNu-2Jets_PTLNu-400to600_2J_ext1-v2_0.list
│   │   ├── WtoLNu-2Jets_PTLNu-40to100_1J
│   │   │   ├── WtoLNu-2Jets_PTLNu-40to100_1J_0.list
│   │   │   ├── WtoLNu-2Jets_PTLNu-40to100_1J_10.list
│   │   │   ├── WtoLNu-2Jets_PTLNu-40to100_1J_1.list
│   │   │   ├── WtoLNu-2Jets_PTLNu-40to100_1J_2.list
│   │   │   ├── WtoLNu-2Jets_PTLNu-40to100_1J_3.list
│   │   │   ├── WtoLNu-2Jets_PTLNu-40to100_1J_4.list
│   │   │   ├── WtoLNu-2Jets_PTLNu-40to100_1J_5.list
│   │   │   ├── WtoLNu-2Jets_PTLNu-40to100_1J_6.list
│   │   │   ├── WtoLNu-2Jets_PTLNu-40to100_1J_7.list
│   │   │   ├── WtoLNu-2Jets_PTLNu-40to100_1J_8.list
│   │   │   └── WtoLNu-2Jets_PTLNu-40to100_1J_9.list
│   │   ├── WtoLNu-2Jets_PTLNu-40to100_2J
│   │   │   ├── WtoLNu-2Jets_PTLNu-40to100_2J_0.list
│   │   │   ├── WtoLNu-2Jets_PTLNu-40to100_2J_10.list
│   │   │   ├── WtoLNu-2Jets_PTLNu-40to100_2J_11.list
│   │   │   ├── WtoLNu-2Jets_PTLNu-40to100_2J_12.list
│   │   │   ├── WtoLNu-2Jets_PTLNu-40to100_2J_13.list
│   │   │   ├── WtoLNu-2Jets_PTLNu-40to100_2J_14.list
│   │   │   ├── WtoLNu-2Jets_PTLNu-40to100_2J_15.list
│   │   │   ├── WtoLNu-2Jets_PTLNu-40to100_2J_16.list
│   │   │   ├── WtoLNu-2Jets_PTLNu-40to100_2J_17.list
│   │   │   ├── WtoLNu-2Jets_PTLNu-40to100_2J_18.list
│   │   │   ├── WtoLNu-2Jets_PTLNu-40to100_2J_19.list
│   │   │   ├── WtoLNu-2Jets_PTLNu-40to100_2J_1.list
│   │   │   ├── WtoLNu-2Jets_PTLNu-40to100_2J_20.list
│   │   │   ├── WtoLNu-2Jets_PTLNu-40to100_2J_21.list
│   │   │   ├── WtoLNu-2Jets_PTLNu-40to100_2J_22.list
│   │   │   ├── WtoLNu-2Jets_PTLNu-40to100_2J_23.list
│   │   │   ├── WtoLNu-2Jets_PTLNu-40to100_2J_24.list
│   │   │   ├── WtoLNu-2Jets_PTLNu-40to100_2J_25.list
│   │   │   ├── WtoLNu-2Jets_PTLNu-40to100_2J_26.list
│   │   │   ├── WtoLNu-2Jets_PTLNu-40to100_2J_27.list
│   │   │   ├── WtoLNu-2Jets_PTLNu-40to100_2J_28.list
│   │   │   ├── WtoLNu-2Jets_PTLNu-40to100_2J_29.list
│   │   │   ├── WtoLNu-2Jets_PTLNu-40to100_2J_2.list
│   │   │   ├── WtoLNu-2Jets_PTLNu-40to100_2J_30.list
│   │   │   ├── WtoLNu-2Jets_PTLNu-40to100_2J_31.list
│   │   │   ├── WtoLNu-2Jets_PTLNu-40to100_2J_32.list
│   │   │   ├── WtoLNu-2Jets_PTLNu-40to100_2J_33.list
│   │   │   ├── WtoLNu-2Jets_PTLNu-40to100_2J_34.list
│   │   │   ├── WtoLNu-2Jets_PTLNu-40to100_2J_35.list
│   │   │   ├── WtoLNu-2Jets_PTLNu-40to100_2J_36.list
│   │   │   ├── WtoLNu-2Jets_PTLNu-40to100_2J_37.list
│   │   │   ├── WtoLNu-2Jets_PTLNu-40to100_2J_38.list
│   │   │   ├── WtoLNu-2Jets_PTLNu-40to100_2J_39.list
│   │   │   ├── WtoLNu-2Jets_PTLNu-40to100_2J_3.list
│   │   │   ├── WtoLNu-2Jets_PTLNu-40to100_2J_40.list
│   │   │   ├── WtoLNu-2Jets_PTLNu-40to100_2J_41.list
│   │   │   ├── WtoLNu-2Jets_PTLNu-40to100_2J_42.list
│   │   │   ├── WtoLNu-2Jets_PTLNu-40to100_2J_43.list
│   │   │   ├── WtoLNu-2Jets_PTLNu-40to100_2J_44.list
│   │   │   ├── WtoLNu-2Jets_PTLNu-40to100_2J_45.list
│   │   │   ├── WtoLNu-2Jets_PTLNu-40to100_2J_46.list
│   │   │   ├── WtoLNu-2Jets_PTLNu-40to100_2J_47.list
│   │   │   ├── WtoLNu-2Jets_PTLNu-40to100_2J_48.list
│   │   │   ├── WtoLNu-2Jets_PTLNu-40to100_2J_49.list
│   │   │   ├── WtoLNu-2Jets_PTLNu-40to100_2J_4.list
│   │   │   ├── WtoLNu-2Jets_PTLNu-40to100_2J_50.list
│   │   │   ├── WtoLNu-2Jets_PTLNu-40to100_2J_51.list
│   │   │   ├── WtoLNu-2Jets_PTLNu-40to100_2J_52.list
│   │   │   ├── WtoLNu-2Jets_PTLNu-40to100_2J_53.list
│   │   │   ├── WtoLNu-2Jets_PTLNu-40to100_2J_54.list
│   │   │   ├── WtoLNu-2Jets_PTLNu-40to100_2J_55.list
│   │   │   ├── WtoLNu-2Jets_PTLNu-40to100_2J_56.list
│   │   │   ├── WtoLNu-2Jets_PTLNu-40to100_2J_57.list
│   │   │   ├── WtoLNu-2Jets_PTLNu-40to100_2J_58.list
│   │   │   ├── WtoLNu-2Jets_PTLNu-40to100_2J_59.list
│   │   │   ├── WtoLNu-2Jets_PTLNu-40to100_2J_5.list
│   │   │   ├── WtoLNu-2Jets_PTLNu-40to100_2J_60.list
│   │   │   ├── WtoLNu-2Jets_PTLNu-40to100_2J_61.list
│   │   │   ├── WtoLNu-2Jets_PTLNu-40to100_2J_62.list
│   │   │   ├── WtoLNu-2Jets_PTLNu-40to100_2J_63.list
│   │   │   ├── WtoLNu-2Jets_PTLNu-40to100_2J_6.list
│   │   │   ├── WtoLNu-2Jets_PTLNu-40to100_2J_7.list
│   │   │   ├── WtoLNu-2Jets_PTLNu-40to100_2J_8.list
│   │   │   └── WtoLNu-2Jets_PTLNu-40to100_2J_9.list
│   │   ├── WtoLNu-2Jets_PTLNu-600_1J
│   │   │   └── WtoLNu-2Jets_PTLNu-600_1J_0.list
│   │   ├── WtoLNu-2Jets_PTLNu-600_1J_ext1-v2
│   │   │   ├── WtoLNu-2Jets_PTLNu-600_1J_ext1-v2_0.list
│   │   │   ├── WtoLNu-2Jets_PTLNu-600_1J_ext1-v2_1.list
│   │   │   └── WtoLNu-2Jets_PTLNu-600_1J_ext1-v2_2.list
│   │   ├── WtoLNu-2Jets_PTLNu-600_2J
│   │   │   └── WtoLNu-2Jets_PTLNu-600_2J_0.list
│   │   ├── WtoLNu-2Jets_PTLNu-600_2J_ext1-v2
│   │   │   ├── WtoLNu-2Jets_PTLNu-600_2J_ext1-v2_0.list
│   │   │   ├── WtoLNu-2Jets_PTLNu-600_2J_ext1-v2_1.list
│   │   │   ├── WtoLNu-2Jets_PTLNu-600_2J_ext1-v2_2.list
│   │   │   ├── WtoLNu-2Jets_PTLNu-600_2J_ext1-v2_3.list
│   │   │   ├── WtoLNu-2Jets_PTLNu-600_2J_ext1-v2_4.list
│   │   │   ├── WtoLNu-2Jets_PTLNu-600_2J_ext1-v2_5.list
│   │   │   ├── WtoLNu-2Jets_PTLNu-600_2J_ext1-v2_6.list
│   │   │   └── WtoLNu-2Jets_PTLNu-600_2J_ext1-v2_7.list
│   │   ├── WtoLNu-4Jets_MLNu-120to200
│   │   │   ├── WtoLNu-4Jets_MLNu-120to200_0.list
│   │   │   ├── WtoLNu-4Jets_MLNu-120to200_10.list
│   │   │   ├── WtoLNu-4Jets_MLNu-120to200_11.list
│   │   │   ├── WtoLNu-4Jets_MLNu-120to200_1.list
│   │   │   ├── WtoLNu-4Jets_MLNu-120to200_2.list
│   │   │   ├── WtoLNu-4Jets_MLNu-120to200_3.list
│   │   │   ├── WtoLNu-4Jets_MLNu-120to200_4.list
│   │   │   ├── WtoLNu-4Jets_MLNu-120to200_5.list
│   │   │   ├── WtoLNu-4Jets_MLNu-120to200_6.list
│   │   │   ├── WtoLNu-4Jets_MLNu-120to200_7.list
│   │   │   ├── WtoLNu-4Jets_MLNu-120to200_8.list
│   │   │   └── WtoLNu-4Jets_MLNu-120to200_9.list
│   │   ├── WtoLNu-4Jets_MLNu-1500to2500
│   │   │   ├── WtoLNu-4Jets_MLNu-1500to2500_0.list
│   │   │   └── WtoLNu-4Jets_MLNu-1500to2500_1.list
│   │   ├── WtoLNu-4Jets_MLNu-200to400
│   │   │   ├── WtoLNu-4Jets_MLNu-200to400_0.list
│   │   │   ├── WtoLNu-4Jets_MLNu-200to400_1.list
│   │   │   └── WtoLNu-4Jets_MLNu-200to400_2.list
│   │   ├── WtoLNu-4Jets_MLNu-2500to4000
│   │   │   ├── WtoLNu-4Jets_MLNu-2500to4000_0.list
│   │   │   └── WtoLNu-4Jets_MLNu-2500to4000_1.list
│   │   ├── WtoLNu-4Jets_MLNu-4000to6000
│   │   │   └── WtoLNu-4Jets_MLNu-4000to6000_0.list
│   │   ├── WtoLNu-4Jets_MLNu-400to800
│   │   │   └── WtoLNu-4Jets_MLNu-400to800_0.list
│   │   ├── WtoLNu-4Jets_MLNu-6000
│   │   │   ├── WtoLNu-4Jets_MLNu-6000_0.list
│   │   │   ├── WtoLNu-4Jets_MLNu-6000_1.list
│   │   │   └── WtoLNu-4Jets_MLNu-6000_2.list
│   │   ├── WtoLNu-4Jets_MLNu-800to1500
│   │   │   ├── WtoLNu-4Jets_MLNu-800to1500_0.list
│   │   │   └── WtoLNu-4Jets_MLNu-800to1500_1.list
│   │   ├── WW
│   │   │   ├── WW_0.list
│   │   │   ├── WW_1.list
│   │   │   ├── WW_2.list
│   │   │   └── WW_3.list
│   │   ├── WWto2L2Nu
│   │   │   ├── WWto2L2Nu_0.list
│   │   │   └── WWto2L2Nu_1.list
│   │   ├── WWto2L2Nu_ext1-v2
│   │   │   ├── WWto2L2Nu_ext1-v2_0.list
│   │   │   ├── WWto2L2Nu_ext1-v2_1.list
│   │   │   ├── WWto2L2Nu_ext1-v2_2.list
│   │   │   └── WWto2L2Nu_ext1-v2_3.list
│   │   ├── WWto4Q
│   │   │   ├── WWto4Q_0.list
│   │   │   ├── WWto4Q_1.list
│   │   │   ├── WWto4Q_2.list
│   │   │   ├── WWto4Q_3.list
│   │   │   └── WWto4Q_4.list
│   │   ├── WWto4Q_ext1-v2
│   │   │   ├── WWto4Q_ext1-v2_0.list
│   │   │   ├── WWto4Q_ext1-v2_10.list
│   │   │   ├── WWto4Q_ext1-v2_11.list
│   │   │   ├── WWto4Q_ext1-v2_12.list
│   │   │   ├── WWto4Q_ext1-v2_13.list
│   │   │   ├── WWto4Q_ext1-v2_14.list
│   │   │   ├── WWto4Q_ext1-v2_15.list
│   │   │   ├── WWto4Q_ext1-v2_1.list
│   │   │   ├── WWto4Q_ext1-v2_2.list
│   │   │   ├── WWto4Q_ext1-v2_3.list
│   │   │   ├── WWto4Q_ext1-v2_4.list
│   │   │   ├── WWto4Q_ext1-v2_5.list
│   │   │   ├── WWto4Q_ext1-v2_6.list
│   │   │   ├── WWto4Q_ext1-v2_7.list
│   │   │   ├── WWto4Q_ext1-v2_8.list
│   │   │   └── WWto4Q_ext1-v2_9.list
│   │   ├── WWtoLNu2Q
│   │   │   ├── WWtoLNu2Q_0.list
│   │   │   ├── WWtoLNu2Q_1.list
│   │   │   ├── WWtoLNu2Q_2.list
│   │   │   └── WWtoLNu2Q_3.list
│   │   ├── WWtoLNu2Q_ext1-v2
│   │   │   ├── WWtoLNu2Q_ext1-v2_0.list
│   │   │   ├── WWtoLNu2Q_ext1-v2_10.list
│   │   │   ├── WWtoLNu2Q_ext1-v2_11.list
│   │   │   ├── WWtoLNu2Q_ext1-v2_12.list
│   │   │   ├── WWtoLNu2Q_ext1-v2_13.list
│   │   │   ├── WWtoLNu2Q_ext1-v2_14.list
│   │   │   ├── WWtoLNu2Q_ext1-v2_1.list
│   │   │   ├── WWtoLNu2Q_ext1-v2_2.list
│   │   │   ├── WWtoLNu2Q_ext1-v2_3.list
│   │   │   ├── WWtoLNu2Q_ext1-v2_4.list
│   │   │   ├── WWtoLNu2Q_ext1-v2_5.list
│   │   │   ├── WWtoLNu2Q_ext1-v2_6.list
│   │   │   ├── WWtoLNu2Q_ext1-v2_7.list
│   │   │   ├── WWtoLNu2Q_ext1-v2_8.list
│   │   │   └── WWtoLNu2Q_ext1-v2_9.list
│   │   ├── WZ
│   │   │   ├── WZ_0.list
│   │   │   ├── WZ_1.list
│   │   │   └── WZ_2.list
│   │   ├── WZto2L2Q
│   │   │   ├── WZto2L2Q_0.list
│   │   │   └── WZto2L2Q_1.list
│   │   ├── WZto2L2Q_ext1-v2
│   │   │   ├── WZto2L2Q_ext1-v2_0.list
│   │   │   └── WZto2L2Q_ext1-v2_1.list
│   │   ├── WZto3LNu
│   │   │   ├── WZto3LNu_0.list
│   │   │   └── WZto3LNu_1.list
│   │   ├── WZto3LNu_ext1-v3
│   │   │   ├── WZto3LNu_ext1-v3_0.list
│   │   │   ├── WZto3LNu_ext1-v3_1.list
│   │   │   ├── WZto3LNu_ext1-v3_2.list
│   │   │   └── WZto3LNu_ext1-v3_3.list
│   │   ├── WZtoLNu2Q
│   │   │   ├── WZtoLNu2Q_0.list
│   │   │   ├── WZtoLNu2Q_1.list
│   │   │   └── WZtoLNu2Q_2.list
│   │   ├── WZtoLNu2Q_ext-v2
│   │   │   ├── WZtoLNu2Q_ext-v2_0.list
│   │   │   ├── WZtoLNu2Q_ext-v2_1.list
│   │   │   ├── WZtoLNu2Q_ext-v2_2.list
│   │   │   ├── WZtoLNu2Q_ext-v2_3.list
│   │   │   ├── WZtoLNu2Q_ext-v2_4.list
│   │   │   ├── WZtoLNu2Q_ext-v2_5.list
│   │   │   └── WZtoLNu2Q_ext-v2_6.list
│   │   ├── ZZto2L2Nu
│   │   │   ├── ZZto2L2Nu_0.list
│   │   │   ├── ZZto2L2Nu_1.list
│   │   │   ├── ZZto2L2Nu_2.list
│   │   │   ├── ZZto2L2Nu_3.list
│   │   │   ├── ZZto2L2Nu_4.list
│   │   │   └── ZZto2L2Nu_5.list
│   │   └── ZZto2L2Nu_ext1-v2
│   │       ├── ZZto2L2Nu_ext1-v2_0.list
│   │       ├── ZZto2L2Nu_ext1-v2_10.list
│   │       ├── ZZto2L2Nu_ext1-v2_11.list
│   │       ├── ZZto2L2Nu_ext1-v2_1.list
│   │       ├── ZZto2L2Nu_ext1-v2_2.list
│   │       ├── ZZto2L2Nu_ext1-v2_3.list
│   │       ├── ZZto2L2Nu_ext1-v2_4.list
│   │       ├── ZZto2L2Nu_ext1-v2_5.list
│   │       ├── ZZto2L2Nu_ext1-v2_6.list
│   │       ├── ZZto2L2Nu_ext1-v2_7.list
│   │       ├── ZZto2L2Nu_ext1-v2_8.list
│   │       └── ZZto2L2Nu_ext1-v2_9.list
│   ├── list_2022preEE.txt
│   ├── makeList.py
│   ├── README
│   └── splitList.py
├── pileup
│   ├── __init__.py
│   ├── jsons
│   │   ├── memo.md
│   │   └── puWeights.json
│   ├── makeHistPU.C
│   └── roots
│       ├── pileup_2016_UL_MC_99bins.root
│       ├── pileup_2017_UL_MC_99bins.root
│       ├── pileup_2018_UL_MC_99bins.root
│       ├── pileup_2022postEE_MC_99bins.root
│       ├── pileup_2022preEE_MC_99bins.root
│       ├── pileup_2023postBPix_MC_99bins.root
│       ├── pileup_2023preBPix_MC_99bins.root
│       ├── pileupHistogram-Cert_Collisions2022_355100_357900_eraBCD_GoldenJson-13p6TeV-66000ub-99bins.root
│       ├── pileupHistogram-Cert_Collisions2022_355100_357900_eraBCD_GoldenJson-13p6TeV-69200ub-99bins.root
│       ├── pileupHistogram-Cert_Collisions2022_355100_357900_eraBCD_GoldenJson-13p6TeV-72400ub-99bins.root
│       ├── pileupHistogram-Cert_Collisions2022_359022_362760_eraEFG_GoldenJson-13p6TeV-66000ub-99bins.root
│       ├── pileupHistogram-Cert_Collisions2022_359022_362760_eraEFG_GoldenJson-13p6TeV-69200ub-99bins.root
│       ├── pileupHistogram-Cert_Collisions2022_359022_362760_eraEFG_GoldenJson-13p6TeV-72400ub-99bins.root
│       ├── PileupHistogram-goldenJSON-13tev-2016-69200ub-99bins.root
│       ├── PileupHistogram-goldenJSON-13tev-2017-69200ub-99bins.root
│       └── PileupHistogram-goldenJSON-13tev-2018-69200ub-99bins.root
├── RoccoR
│   ├── README
│   ├── RoccoR2016aUL.txt
│   ├── RoccoR2016bUL.txt
│   ├── RoccoR2016.txt
│   ├── RoccoR2017.txt
│   ├── RoccoR2017UL.txt
│   ├── RoccoR2018.txt
│   └── RoccoR2018UL.txt
├── setup.sh
├── src
│   ├── EfficiencySF.cc
│   ├── GenPart.cc
│   ├── Main.cc
│   ├── MET.cc
│   ├── Muon.cc
│   ├── NanoAnalyzer.cc
│   ├── NanoDataLoader.cc
│   ├── PU.cc
│   └── RoccoR.cc
├── test
│   ├── Cert_Collisions2022_355100_362760_Golden.json
│   ├── inputroot.root
│   ├── lumiCal.txt
│   ├── out_dy120_nocorr.root
│   ├── out_dy120.root
│   ├── out.root
│   └── README_howtotest
└── tree.out

119 directories, 502 files
